<!-- Recorded from 14a615c678ab0df4bb467fa0313bcb24434ef68f -->
{"type":"tier_skip","step":"acceptance_specs","tier":"S","ts":"<TIMESTAMP>"}
{"type":"step_started","step":"build","index":13,"executionContext":{"executionId":"00000000-0000-4000-8000-000000000052","subject":{"kind":"lifecycle-step","step":"build"}},"ts":"<TIMESTAMP>"}
{"type":"step_retry","step":"build","attempt":2,"maxAttempts":3,"reason":"Protected artifact added: .docs/stories/n1-golden.md\nAttribution: uncommitted workspace change","tier":"S","resolvedBefore":0,"escalatedModel":"sonnet","escalatedEffort":"high","executionContext":{"executionId":"00000000-0000-4000-8000-000000000052","subject":{"kind":"lifecycle-step","step":"build"}},"ts":"<TIMESTAMP>"}
{"type":"step_retry","step":"build","attempt":3,"maxAttempts":3,"reason":"Protected artifact added: .docs/stories/n1-golden.md\nAttribution: uncommitted workspace change","tier":"S","resolvedBefore":0,"escalatedModel":"opus","escalatedEffort":"high","executionContext":{"executionId":"00000000-0000-4000-8000-000000000052","subject":{"kind":"lifecycle-step","step":"build"}},"ts":"<TIMESTAMP>"}
{"type":"step_refused","step":"build","kind":"seal","reason":"Protected artifact added: .docs/stories/n1-golden.md\nAttribution: uncommitted workspace change","executionContext":{"executionId":"00000000-0000-4000-8000-000000000052","subject":{"kind":"lifecycle-step","step":"build"}},"ts":"<TIMESTAMP>"}
{"type":"loop_halt","step":"build","reason":"Protected artifact added: .docs/stories/n1-golden.md\nAttribution: uncommitted workspace change","tier":"S","prDisposition":"unrecorded","ts":"<TIMESTAMP>"}
