<!-- Recorded from 14a615c678ab0df4bb467fa0313bcb24434ef68f -->
{
  "worktree": "done",
  "memory": "done",
  "explore": "done",
  "complexity": "done",
  "stories": "done",
  "conflict_check": "done",
  "plan": "done",
  "coherence_check": "done",
  "coverage_binding": "done",
  "architecture_diagram": "done",
  "architecture_review": "done",
  "prd": "done",
  "prd_audit": "done",
  "acceptance_specs": "skipped",
  "build": "done",
  "test_suite": "done",
  "build_review": "done",
  "manual_test": "skipped",
  "architecture_review_as_built": "pending",
  "finish": "pending",
  "complexity_tier": "S",
  "track": "technical",
  "feature_desc": "n1-golden",
  "session_started_at": "<TIMESTAMP>",
  "run_started_at": "<TIMESTAMP>",
  "last_step": "manual_test"
}